// Jest Snapshot v1, https://goo.gl/fbAQLP

exports[`defaultSaga Saga Expect to have unit tests specified 1`] = `undefined`;
