// Jest Snapshot v1, https://goo.gl/fbAQLP

exports[`<NavItem /> should render NavItem Correctly 1`] = `
ShallowWrapper {
  "complexSelector": ComplexSelector {
    "buildPredicate": [Function],
    "childrenOfNode": [Function],
    "findWhereUnwrapped": [Function],
  },
  "length": 1,
  "node": <a
    className="nav-link text-capitalize"
    href="https://app.hermo.my/iLgE/SmWv2UnrhC"
    title="Download Mobile App"
>
    <span
        className="fa fa-mobile text-white"
    />
</a>,
  "nodes": Array [
    <a
      className="nav-link text-capitalize"
      href="https://app.hermo.my/iLgE/SmWv2UnrhC"
      title="Download Mobile App"
>
      <span
            className="fa fa-mobile text-white"
      />
</a>,
  ],
  "options": Object {},
  "renderer": ReactShallowRenderer {
    "_instance": ShallowComponentWrapper {
      "_calledComponentWillUnmount": false,
      "_compositeType": 2,
      "_context": Object {},
      "_currentElement": <NavItem
        data={
                Object {
                        "code": "download",
                        "iconClass": "fa fa-mobile text-white",
                        "text": "Download Mobile App",
                        "type": "external_url",
                        "url": "https://app.hermo.my/iLgE/SmWv2UnrhC",
                      }
        }
        handleLinkClick={[Function]}
/>,
      "_debugID": 1,
      "_hostContainerInfo": null,
      "_hostParent": null,
      "_instance": StatelessComponent {
        "_reactInternalInstance": [Circular],
        "context": Object {},
        "props": Object {
          "data": Object {
            "code": "download",
            "iconClass": "fa fa-mobile text-white",
            "text": "Download Mobile App",
            "type": "external_url",
            "url": "https://app.hermo.my/iLgE/SmWv2UnrhC",
          },
          "handleLinkClick": [Function],
        },
        "refs": Object {},
        "state": null,
        "updater": Object {
          "enqueueCallback": [Function],
          "enqueueCallbackInternal": [Function],
          "enqueueElementInternal": [Function],
          "enqueueForceUpdate": [Function],
          "enqueueReplaceState": [Function],
          "enqueueSetState": [Function],
          "isMounted": [Function],
          "validateCallback": [Function],
        },
      },
      "_mountOrder": 1,
      "_pendingCallbacks": null,
      "_pendingElement": null,
      "_pendingForceUpdate": false,
      "_pendingReplaceState": false,
      "_pendingStateQueue": null,
      "_renderedComponent": NoopInternalComponent {
        "_currentElement": <a
          className="nav-link text-capitalize"
          href="https://app.hermo.my/iLgE/SmWv2UnrhC"
          title="Download Mobile App"
>
          <span
                    className="fa fa-mobile text-white"
          />
</a>,
        "_debugID": 2,
        "_renderedOutput": <a
          className="nav-link text-capitalize"
          href="https://app.hermo.my/iLgE/SmWv2UnrhC"
          title="Download Mobile App"
>
          <span
                    className="fa fa-mobile text-white"
          />
</a>,
      },
      "_renderedNodeType": 0,
      "_rootNodeID": 0,
      "_topLevelWrapper": null,
      "_updateBatchNumber": null,
      "_warnedAboutRefsInRender": false,
    },
    "getRenderOutput": [Function],
    "render": [Function],
  },
  "root": [Circular],
  "unrendered": <NavItem
    data={
        Object {
            "code": "download",
            "iconClass": "fa fa-mobile text-white",
            "text": "Download Mobile App",
            "type": "external_url",
            "url": "https://app.hermo.my/iLgE/SmWv2UnrhC",
          }
    }
    handleLinkClick={[Function]}
/>,
}
`;
