// Jest Snapshot v1, https://goo.gl/fbAQLP

exports[`<Topbar /> should render Topbar Correctly 1`] = `
ShallowWrapper {
  "complexSelector": ComplexSelector {
    "buildPredicate": [Function],
    "childrenOfNode": [Function],
    "findWhereUnwrapped": [Function],
  },
  "length": 1,
  "node": <div
    className="text-center"
>
    <Topbar__HideHeader>
        <span
            className="fa fa-bars"
        />
    </Topbar__HideHeader>
    <Topbar__HershopTopbarTitle>
        HERMO
    </Topbar__HershopTopbarTitle>
    <Navigator
        handleLinkClick={[Function]}
        items={
            Array [
                Object {
                  "code": "download",
                  "iconClass": "fa fa-mobile text-white",
                  "text": "Download Mobile App",
                  "type": "external_url",
                  "url": "https://app.hermo.my/iLgE/SmWv2UnrhC",
                },
                Object {
                  "code": "notification",
                  "iconClass": "fa fa-bell text-white",
                  "text": "Notification",
                  "type": "button",
                },
                Object {
                  "code": "profile",
                  "iconClass": "fa fa-user text-white",
                  "items": Array [
                    Object {
                      "code": "profileTitle",
                      "text": "Profile",
                      "type": "title",
                    },
                    Object {
                      "code": "profileList",
                      "items": Array [
                        Object {
                          "code": "profile",
                          "text": "Profile",
                          "url": "/profile",
                        },
                        Object {
                          "code": "order",
                          "text": "Order",
                          "url": "/profile/order",
                        },
                        Object {
                          "code": "voucher",
                          "text": "Voucher",
                          "url": "/profile/voucher",
                        },
                        Object {
                          "code": "logout",
                          "text": "Logout",
                          "url": "/lougout",
                        },
                      ],
                      "type": "list",
                    },
                  ],
                  "text": "Profile",
                  "type": "dropdown",
                },
                Object {
                  "code": "cart",
                  "iconClass": "fa fa-shopping-cart text-white",
                  "items": Array [
                    Object {
                      "code": "cartComponent",
                      "type": "cart",
                    },
                  ],
                  "text": "Cart",
                  "type": "dropdown",
                },
              ]
        }
    />
</div>,
  "nodes": Array [
    <div
      className="text-center"
>
      <Topbar__HideHeader>
            <span
                  className="fa fa-bars"
            />
      </Topbar__HideHeader>
      <Topbar__HershopTopbarTitle>
            HERMO
      </Topbar__HershopTopbarTitle>
      <Navigator
            handleLinkClick={[Function]}
            items={
                  Array [
                        Object {
                          "code": "download",
                          "iconClass": "fa fa-mobile text-white",
                          "text": "Download Mobile App",
                          "type": "external_url",
                          "url": "https://app.hermo.my/iLgE/SmWv2UnrhC",
                        },
                        Object {
                          "code": "notification",
                          "iconClass": "fa fa-bell text-white",
                          "text": "Notification",
                          "type": "button",
                        },
                        Object {
                          "code": "profile",
                          "iconClass": "fa fa-user text-white",
                          "items": Array [
                            Object {
                              "code": "profileTitle",
                              "text": "Profile",
                              "type": "title",
                            },
                            Object {
                              "code": "profileList",
                              "items": Array [
                                Object {
                                  "code": "profile",
                                  "text": "Profile",
                                  "url": "/profile",
                                },
                                Object {
                                  "code": "order",
                                  "text": "Order",
                                  "url": "/profile/order",
                                },
                                Object {
                                  "code": "voucher",
                                  "text": "Voucher",
                                  "url": "/profile/voucher",
                                },
                                Object {
                                  "code": "logout",
                                  "text": "Logout",
                                  "url": "/lougout",
                                },
                              ],
                              "type": "list",
                            },
                          ],
                          "text": "Profile",
                          "type": "dropdown",
                        },
                        Object {
                          "code": "cart",
                          "iconClass": "fa fa-shopping-cart text-white",
                          "items": Array [
                            Object {
                              "code": "cartComponent",
                              "type": "cart",
                            },
                          ],
                          "text": "Cart",
                          "type": "dropdown",
                        },
                      ]
            }
      />
</div>,
  ],
  "options": Object {},
  "renderer": ReactShallowRenderer {
    "_instance": ShallowComponentWrapper {
      "_calledComponentWillUnmount": false,
      "_compositeType": 1,
      "_context": Object {},
      "_currentElement": <Topbar
        dispatch={[Function]}
/>,
      "_debugID": 1,
      "_hostContainerInfo": null,
      "_hostParent": null,
      "_instance": Topbar {
        "_reactInternalInstance": [Circular],
        "context": Object {},
        "props": Object {
          "dispatch": [Function],
        },
        "refs": Object {},
        "state": null,
        "updater": Object {
          "enqueueCallback": [Function],
          "enqueueCallbackInternal": [Function],
          "enqueueElementInternal": [Function],
          "enqueueForceUpdate": [Function],
          "enqueueReplaceState": [Function],
          "enqueueSetState": [Function],
          "isMounted": [Function],
          "validateCallback": [Function],
        },
      },
      "_mountOrder": 1,
      "_pendingCallbacks": null,
      "_pendingElement": null,
      "_pendingForceUpdate": false,
      "_pendingReplaceState": false,
      "_pendingStateQueue": null,
      "_renderedComponent": NoopInternalComponent {
        "_currentElement": <div
          className="text-center"
>
          <Topbar__HideHeader>
                    <span
                              className="fa fa-bars"
                    />
          </Topbar__HideHeader>
          <Topbar__HershopTopbarTitle>
                    HERMO
          </Topbar__HershopTopbarTitle>
          <Navigator
                    handleLinkClick={[Function]}
                    items={
                              Array [
                                        Object {
                                          "code": "download",
                                          "iconClass": "fa fa-mobile text-white",
                                          "text": "Download Mobile App",
                                          "type": "external_url",
                                          "url": "https://app.hermo.my/iLgE/SmWv2UnrhC",
                                        },
                                        Object {
                                          "code": "notification",
                                          "iconClass": "fa fa-bell text-white",
                                          "text": "Notification",
                                          "type": "button",
                                        },
                                        Object {
                                          "code": "profile",
                                          "iconClass": "fa fa-user text-white",
                                          "items": Array [
                                            Object {
                                              "code": "profileTitle",
                                              "text": "Profile",
                                              "type": "title",
                                            },
                                            Object {
                                              "code": "profileList",
                                              "items": Array [
                                                Object {
                                                  "code": "profile",
                                                  "text": "Profile",
                                                  "url": "/profile",
                                                },
                                                Object {
                                                  "code": "order",
                                                  "text": "Order",
                                                  "url": "/profile/order",
                                                },
                                                Object {
                                                  "code": "voucher",
                                                  "text": "Voucher",
                                                  "url": "/profile/voucher",
                                                },
                                                Object {
                                                  "code": "logout",
                                                  "text": "Logout",
                                                  "url": "/lougout",
                                                },
                                              ],
                                              "type": "list",
                                            },
                                          ],
                                          "text": "Profile",
                                          "type": "dropdown",
                                        },
                                        Object {
                                          "code": "cart",
                                          "iconClass": "fa fa-shopping-cart text-white",
                                          "items": Array [
                                            Object {
                                              "code": "cartComponent",
                                              "type": "cart",
                                            },
                                          ],
                                          "text": "Cart",
                                          "type": "dropdown",
                                        },
                                      ]
                    }
          />
</div>,
        "_debugID": 2,
        "_renderedOutput": <div
          className="text-center"
>
          <Topbar__HideHeader>
                    <span
                              className="fa fa-bars"
                    />
          </Topbar__HideHeader>
          <Topbar__HershopTopbarTitle>
                    HERMO
          </Topbar__HershopTopbarTitle>
          <Navigator
                    handleLinkClick={[Function]}
                    items={
                              Array [
                                        Object {
                                          "code": "download",
                                          "iconClass": "fa fa-mobile text-white",
                                          "text": "Download Mobile App",
                                          "type": "external_url",
                                          "url": "https://app.hermo.my/iLgE/SmWv2UnrhC",
                                        },
                                        Object {
                                          "code": "notification",
                                          "iconClass": "fa fa-bell text-white",
                                          "text": "Notification",
                                          "type": "button",
                                        },
                                        Object {
                                          "code": "profile",
                                          "iconClass": "fa fa-user text-white",
                                          "items": Array [
                                            Object {
                                              "code": "profileTitle",
                                              "text": "Profile",
                                              "type": "title",
                                            },
                                            Object {
                                              "code": "profileList",
                                              "items": Array [
                                                Object {
                                                  "code": "profile",
                                                  "text": "Profile",
                                                  "url": "/profile",
                                                },
                                                Object {
                                                  "code": "order",
                                                  "text": "Order",
                                                  "url": "/profile/order",
                                                },
                                                Object {
                                                  "code": "voucher",
                                                  "text": "Voucher",
                                                  "url": "/profile/voucher",
                                                },
                                                Object {
                                                  "code": "logout",
                                                  "text": "Logout",
                                                  "url": "/lougout",
                                                },
                                              ],
                                              "type": "list",
                                            },
                                          ],
                                          "text": "Profile",
                                          "type": "dropdown",
                                        },
                                        Object {
                                          "code": "cart",
                                          "iconClass": "fa fa-shopping-cart text-white",
                                          "items": Array [
                                            Object {
                                              "code": "cartComponent",
                                              "type": "cart",
                                            },
                                          ],
                                          "text": "Cart",
                                          "type": "dropdown",
                                        },
                                      ]
                    }
          />
</div>,
      },
      "_renderedNodeType": 0,
      "_rootNodeID": 0,
      "_topLevelWrapper": null,
      "_updateBatchNumber": null,
      "_warnedAboutRefsInRender": false,
    },
    "getRenderOutput": [Function],
    "render": [Function],
  },
  "root": [Circular],
  "unrendered": <Topbar
    dispatch={[Function]}
/>,
}
`;
