// Jest Snapshot v1, https://goo.gl/fbAQLP

exports[`<Navigator /> should render Navigator Correctly 1`] = `
ShallowWrapper {
  "complexSelector": ComplexSelector {
    "buildPredicate": [Function],
    "childrenOfNode": [Function],
    "findWhereUnwrapped": [Function],
  },
  "length": 1,
  "node": <Navigator__NavContainer>
    <nav
        className="navbar navbar-expand-md navbar-dark p-0"
    >
        <div
            className="navbar-nav d-flex flex-row"
        >
            <li
                className="nav-item px-2"
                style={
                    Object {
                        "width": "48px",
                      }
                }
            >
                <NavItem
                    data={
                        Object {
                            "code": "download",
                            "iconClass": "fa fa-mobile text-white",
                            "text": "Download Mobile App",
                            "type": "external_url",
                            "url": "https://app.hermo.my/iLgE/SmWv2UnrhC",
                          }
                    }
                    handleLinkClick={undefined}
                />
            </li>
            <li
                className="nav-item px-2"
                style={
                    Object {
                        "width": "48px",
                      }
                }
            >
                <NavItem
                    data={
                        Object {
                            "code": "notification",
                            "iconClass": "fa fa-bell text-white",
                            "text": "Notification",
                            "type": "button",
                          }
                    }
                    handleLinkClick={undefined}
                />
            </li>
            <li
                className="nav-item px-2"
                style={
                    Object {
                        "width": "48px",
                      }
                }
            >
                <NavItem
                    data={
                        Object {
                            "code": "profile",
                            "iconClass": "fa fa-user text-white",
                            "items": Array [
                              Object {
                                "code": "profileTitle",
                                "text": "Profile",
                                "type": "title",
                              },
                              Object {
                                "code": "profileList",
                                "items": Array [
                                  Object {
                                    "code": "profile",
                                    "text": "Profile",
                                    "url": "/profile",
                                  },
                                  Object {
                                    "code": "order",
                                    "text": "Order",
                                    "url": "/profile/order",
                                  },
                                  Object {
                                    "code": "voucher",
                                    "text": "Voucher",
                                    "url": "/profile/voucher",
                                  },
                                  Object {
                                    "code": "logout",
                                    "text": "Logout",
                                    "url": "/lougout",
                                  },
                                ],
                                "type": "list",
                              },
                            ],
                            "text": "Profile",
                            "type": "dropdown",
                          }
                    }
                    handleLinkClick={undefined}
                />
            </li>
            <li
                className="nav-item px-2"
                style={
                    Object {
                        "width": "48px",
                      }
                }
            >
                <NavItem
                    data={
                        Object {
                            "code": "cart",
                            "iconClass": "fa fa-shopping-cart text-white",
                            "items": Array [
                              Object {
                                "code": "cartComponent",
                                "type": "cart",
                              },
                            ],
                            "text": "Cart",
                            "type": "dropdown",
                          }
                    }
                    handleLinkClick={undefined}
                />
            </li>
        </div>
    </nav>
</Navigator__NavContainer>,
  "nodes": Array [
    <Navigator__NavContainer>
      <nav
            className="navbar navbar-expand-md navbar-dark p-0"
      >
            <div
                  className="navbar-nav d-flex flex-row"
            >
                  <li
                        className="nav-item px-2"
                        style={
                              Object {
                                    "width": "48px",
                                  }
                        }
                  >
                        <NavItem
                              data={
                                    Object {
                                          "code": "download",
                                          "iconClass": "fa fa-mobile text-white",
                                          "text": "Download Mobile App",
                                          "type": "external_url",
                                          "url": "https://app.hermo.my/iLgE/SmWv2UnrhC",
                                        }
                              }
                              handleLinkClick={undefined}
                        />
                  </li>
                  <li
                        className="nav-item px-2"
                        style={
                              Object {
                                    "width": "48px",
                                  }
                        }
                  >
                        <NavItem
                              data={
                                    Object {
                                          "code": "notification",
                                          "iconClass": "fa fa-bell text-white",
                                          "text": "Notification",
                                          "type": "button",
                                        }
                              }
                              handleLinkClick={undefined}
                        />
                  </li>
                  <li
                        className="nav-item px-2"
                        style={
                              Object {
                                    "width": "48px",
                                  }
                        }
                  >
                        <NavItem
                              data={
                                    Object {
                                          "code": "profile",
                                          "iconClass": "fa fa-user text-white",
                                          "items": Array [
                                            Object {
                                              "code": "profileTitle",
                                              "text": "Profile",
                                              "type": "title",
                                            },
                                            Object {
                                              "code": "profileList",
                                              "items": Array [
                                                Object {
                                                  "code": "profile",
                                                  "text": "Profile",
                                                  "url": "/profile",
                                                },
                                                Object {
                                                  "code": "order",
                                                  "text": "Order",
                                                  "url": "/profile/order",
                                                },
                                                Object {
                                                  "code": "voucher",
                                                  "text": "Voucher",
                                                  "url": "/profile/voucher",
                                                },
                                                Object {
                                                  "code": "logout",
                                                  "text": "Logout",
                                                  "url": "/lougout",
                                                },
                                              ],
                                              "type": "list",
                                            },
                                          ],
                                          "text": "Profile",
                                          "type": "dropdown",
                                        }
                              }
                              handleLinkClick={undefined}
                        />
                  </li>
                  <li
                        className="nav-item px-2"
                        style={
                              Object {
                                    "width": "48px",
                                  }
                        }
                  >
                        <NavItem
                              data={
                                    Object {
                                          "code": "cart",
                                          "iconClass": "fa fa-shopping-cart text-white",
                                          "items": Array [
                                            Object {
                                              "code": "cartComponent",
                                              "type": "cart",
                                            },
                                          ],
                                          "text": "Cart",
                                          "type": "dropdown",
                                        }
                              }
                              handleLinkClick={undefined}
                        />
                  </li>
            </div>
      </nav>
</Navigator__NavContainer>,
  ],
  "options": Object {},
  "renderer": ReactShallowRenderer {
    "_instance": ShallowComponentWrapper {
      "_calledComponentWillUnmount": false,
      "_compositeType": 2,
      "_context": Object {},
      "_currentElement": <Navigator
        items={
                Array [
                        Object {
                          "code": "download",
                          "iconClass": "fa fa-mobile text-white",
                          "text": "Download Mobile App",
                          "type": "external_url",
                          "url": "https://app.hermo.my/iLgE/SmWv2UnrhC",
                        },
                        Object {
                          "code": "notification",
                          "iconClass": "fa fa-bell text-white",
                          "text": "Notification",
                          "type": "button",
                        },
                        Object {
                          "code": "profile",
                          "iconClass": "fa fa-user text-white",
                          "items": Array [
                            Object {
                              "code": "profileTitle",
                              "text": "Profile",
                              "type": "title",
                            },
                            Object {
                              "code": "profileList",
                              "items": Array [
                                Object {
                                  "code": "profile",
                                  "text": "Profile",
                                  "url": "/profile",
                                },
                                Object {
                                  "code": "order",
                                  "text": "Order",
                                  "url": "/profile/order",
                                },
                                Object {
                                  "code": "voucher",
                                  "text": "Voucher",
                                  "url": "/profile/voucher",
                                },
                                Object {
                                  "code": "logout",
                                  "text": "Logout",
                                  "url": "/lougout",
                                },
                              ],
                              "type": "list",
                            },
                          ],
                          "text": "Profile",
                          "type": "dropdown",
                        },
                        Object {
                          "code": "cart",
                          "iconClass": "fa fa-shopping-cart text-white",
                          "items": Array [
                            Object {
                              "code": "cartComponent",
                              "type": "cart",
                            },
                          ],
                          "text": "Cart",
                          "type": "dropdown",
                        },
                      ]
        }
/>,
      "_debugID": 1,
      "_hostContainerInfo": null,
      "_hostParent": null,
      "_instance": StatelessComponent {
        "_reactInternalInstance": [Circular],
        "context": Object {},
        "props": Object {
          "items": Array [
            Object {
              "code": "download",
              "iconClass": "fa fa-mobile text-white",
              "text": "Download Mobile App",
              "type": "external_url",
              "url": "https://app.hermo.my/iLgE/SmWv2UnrhC",
            },
            Object {
              "code": "notification",
              "iconClass": "fa fa-bell text-white",
              "text": "Notification",
              "type": "button",
            },
            Object {
              "code": "profile",
              "iconClass": "fa fa-user text-white",
              "items": Array [
                Object {
                  "code": "profileTitle",
                  "text": "Profile",
                  "type": "title",
                },
                Object {
                  "code": "profileList",
                  "items": Array [
                    Object {
                      "code": "profile",
                      "text": "Profile",
                      "url": "/profile",
                    },
                    Object {
                      "code": "order",
                      "text": "Order",
                      "url": "/profile/order",
                    },
                    Object {
                      "code": "voucher",
                      "text": "Voucher",
                      "url": "/profile/voucher",
                    },
                    Object {
                      "code": "logout",
                      "text": "Logout",
                      "url": "/lougout",
                    },
                  ],
                  "type": "list",
                },
              ],
              "text": "Profile",
              "type": "dropdown",
            },
            Object {
              "code": "cart",
              "iconClass": "fa fa-shopping-cart text-white",
              "items": Array [
                Object {
                  "code": "cartComponent",
                  "type": "cart",
                },
              ],
              "text": "Cart",
              "type": "dropdown",
            },
          ],
        },
        "refs": Object {},
        "state": null,
        "updater": Object {
          "enqueueCallback": [Function],
          "enqueueCallbackInternal": [Function],
          "enqueueElementInternal": [Function],
          "enqueueForceUpdate": [Function],
          "enqueueReplaceState": [Function],
          "enqueueSetState": [Function],
          "isMounted": [Function],
          "validateCallback": [Function],
        },
      },
      "_mountOrder": 1,
      "_pendingCallbacks": null,
      "_pendingElement": null,
      "_pendingForceUpdate": false,
      "_pendingReplaceState": false,
      "_pendingStateQueue": null,
      "_renderedComponent": NoopInternalComponent {
        "_currentElement": <Navigator__NavContainer>
          <nav
                    className="navbar navbar-expand-md navbar-dark p-0"
          >
                    <div
                              className="navbar-nav d-flex flex-row"
                    >
                              <li
                                        className="nav-item px-2"
                                        style={
                                                  Object {
                                                            "width": "48px",
                                                          }
                                        }
                              >
                                        <NavItem
                                                  data={
                                                            Object {
                                                                      "code": "download",
                                                                      "iconClass": "fa fa-mobile text-white",
                                                                      "text": "Download Mobile App",
                                                                      "type": "external_url",
                                                                      "url": "https://app.hermo.my/iLgE/SmWv2UnrhC",
                                                                    }
                                                  }
                                                  handleLinkClick={undefined}
                                        />
                              </li>
                              <li
                                        className="nav-item px-2"
                                        style={
                                                  Object {
                                                            "width": "48px",
                                                          }
                                        }
                              >
                                        <NavItem
                                                  data={
                                                            Object {
                                                                      "code": "notification",
                                                                      "iconClass": "fa fa-bell text-white",
                                                                      "text": "Notification",
                                                                      "type": "button",
                                                                    }
                                                  }
                                                  handleLinkClick={undefined}
                                        />
                              </li>
                              <li
                                        className="nav-item px-2"
                                        style={
                                                  Object {
                                                            "width": "48px",
                                                          }
                                        }
                              >
                                        <NavItem
                                                  data={
                                                            Object {
                                                                      "code": "profile",
                                                                      "iconClass": "fa fa-user text-white",
                                                                      "items": Array [
                                                                        Object {
                                                                          "code": "profileTitle",
                                                                          "text": "Profile",
                                                                          "type": "title",
                                                                        },
                                                                        Object {
                                                                          "code": "profileList",
                                                                          "items": Array [
                                                                            Object {
                                                                              "code": "profile",
                                                                              "text": "Profile",
                                                                              "url": "/profile",
                                                                            },
                                                                            Object {
                                                                              "code": "order",
                                                                              "text": "Order",
                                                                              "url": "/profile/order",
                                                                            },
                                                                            Object {
                                                                              "code": "voucher",
                                                                              "text": "Voucher",
                                                                              "url": "/profile/voucher",
                                                                            },
                                                                            Object {
                                                                              "code": "logout",
                                                                              "text": "Logout",
                                                                              "url": "/lougout",
                                                                            },
                                                                          ],
                                                                          "type": "list",
                                                                        },
                                                                      ],
                                                                      "text": "Profile",
                                                                      "type": "dropdown",
                                                                    }
                                                  }
                                                  handleLinkClick={undefined}
                                        />
                              </li>
                              <li
                                        className="nav-item px-2"
                                        style={
                                                  Object {
                                                            "width": "48px",
                                                          }
                                        }
                              >
                                        <NavItem
                                                  data={
                                                            Object {
                                                                      "code": "cart",
                                                                      "iconClass": "fa fa-shopping-cart text-white",
                                                                      "items": Array [
                                                                        Object {
                                                                          "code": "cartComponent",
                                                                          "type": "cart",
                                                                        },
                                                                      ],
                                                                      "text": "Cart",
                                                                      "type": "dropdown",
                                                                    }
                                                  }
                                                  handleLinkClick={undefined}
                                        />
                              </li>
                    </div>
          </nav>
</Navigator__NavContainer>,
        "_debugID": 2,
        "_renderedOutput": <Navigator__NavContainer>
          <nav
                    className="navbar navbar-expand-md navbar-dark p-0"
          >
                    <div
                              className="navbar-nav d-flex flex-row"
                    >
                              <li
                                        className="nav-item px-2"
                                        style={
                                                  Object {
                                                            "width": "48px",
                                                          }
                                        }
                              >
                                        <NavItem
                                                  data={
                                                            Object {
                                                                      "code": "download",
                                                                      "iconClass": "fa fa-mobile text-white",
                                                                      "text": "Download Mobile App",
                                                                      "type": "external_url",
                                                                      "url": "https://app.hermo.my/iLgE/SmWv2UnrhC",
                                                                    }
                                                  }
                                                  handleLinkClick={undefined}
                                        />
                              </li>
                              <li
                                        className="nav-item px-2"
                                        style={
                                                  Object {
                                                            "width": "48px",
                                                          }
                                        }
                              >
                                        <NavItem
                                                  data={
                                                            Object {
                                                                      "code": "notification",
                                                                      "iconClass": "fa fa-bell text-white",
                                                                      "text": "Notification",
                                                                      "type": "button",
                                                                    }
                                                  }
                                                  handleLinkClick={undefined}
                                        />
                              </li>
                              <li
                                        className="nav-item px-2"
                                        style={
                                                  Object {
                                                            "width": "48px",
                                                          }
                                        }
                              >
                                        <NavItem
                                                  data={
                                                            Object {
                                                                      "code": "profile",
                                                                      "iconClass": "fa fa-user text-white",
                                                                      "items": Array [
                                                                        Object {
                                                                          "code": "profileTitle",
                                                                          "text": "Profile",
                                                                          "type": "title",
                                                                        },
                                                                        Object {
                                                                          "code": "profileList",
                                                                          "items": Array [
                                                                            Object {
                                                                              "code": "profile",
                                                                              "text": "Profile",
                                                                              "url": "/profile",
                                                                            },
                                                                            Object {
                                                                              "code": "order",
                                                                              "text": "Order",
                                                                              "url": "/profile/order",
                                                                            },
                                                                            Object {
                                                                              "code": "voucher",
                                                                              "text": "Voucher",
                                                                              "url": "/profile/voucher",
                                                                            },
                                                                            Object {
                                                                              "code": "logout",
                                                                              "text": "Logout",
                                                                              "url": "/lougout",
                                                                            },
                                                                          ],
                                                                          "type": "list",
                                                                        },
                                                                      ],
                                                                      "text": "Profile",
                                                                      "type": "dropdown",
                                                                    }
                                                  }
                                                  handleLinkClick={undefined}
                                        />
                              </li>
                              <li
                                        className="nav-item px-2"
                                        style={
                                                  Object {
                                                            "width": "48px",
                                                          }
                                        }
                              >
                                        <NavItem
                                                  data={
                                                            Object {
                                                                      "code": "cart",
                                                                      "iconClass": "fa fa-shopping-cart text-white",
                                                                      "items": Array [
                                                                        Object {
                                                                          "code": "cartComponent",
                                                                          "type": "cart",
                                                                        },
                                                                      ],
                                                                      "text": "Cart",
                                                                      "type": "dropdown",
                                                                    }
                                                  }
                                                  handleLinkClick={undefined}
                                        />
                              </li>
                    </div>
          </nav>
</Navigator__NavContainer>,
      },
      "_renderedNodeType": 1,
      "_rootNodeID": 0,
      "_topLevelWrapper": null,
      "_updateBatchNumber": null,
      "_warnedAboutRefsInRender": false,
    },
    "getRenderOutput": [Function],
    "render": [Function],
  },
  "root": [Circular],
  "unrendered": <Navigator
    items={
        Array [
            Object {
              "code": "download",
              "iconClass": "fa fa-mobile text-white",
              "text": "Download Mobile App",
              "type": "external_url",
              "url": "https://app.hermo.my/iLgE/SmWv2UnrhC",
            },
            Object {
              "code": "notification",
              "iconClass": "fa fa-bell text-white",
              "text": "Notification",
              "type": "button",
            },
            Object {
              "code": "profile",
              "iconClass": "fa fa-user text-white",
              "items": Array [
                Object {
                  "code": "profileTitle",
                  "text": "Profile",
                  "type": "title",
                },
                Object {
                  "code": "profileList",
                  "items": Array [
                    Object {
                      "code": "profile",
                      "text": "Profile",
                      "url": "/profile",
                    },
                    Object {
                      "code": "order",
                      "text": "Order",
                      "url": "/profile/order",
                    },
                    Object {
                      "code": "voucher",
                      "text": "Voucher",
                      "url": "/profile/voucher",
                    },
                    Object {
                      "code": "logout",
                      "text": "Logout",
                      "url": "/lougout",
                    },
                  ],
                  "type": "list",
                },
              ],
              "text": "Profile",
              "type": "dropdown",
            },
            Object {
              "code": "cart",
              "iconClass": "fa fa-shopping-cart text-white",
              "items": Array [
                Object {
                  "code": "cartComponent",
                  "type": "cart",
                },
              ],
              "text": "Cart",
              "type": "dropdown",
            },
          ]
    }
/>,
}
`;
