// Jest Snapshot v1, https://goo.gl/fbAQLP

exports[`App should render correctly 1`] = `
ShallowWrapper {
  "length": 1,
  Symbol(enzyme.__root__): [Circular],
  Symbol(enzyme.__unrendered__): <App />,
  Symbol(enzyme.__renderer__): Object {
    "batchedUpdates": [Function],
    "getNode": [Function],
    "render": [Function],
    "simulateEvent": [Function],
    "unmount": [Function],
  },
  Symbol(enzyme.__node__): Object {
    "instance": null,
    "key": undefined,
    "nodeType": "class",
    "props": Object {
      "children": <Styled(Root)
        virtual={undefined}
      >
        <withReducer(withSaga(Connect(Navigation)))>
          <withReducer(Connect(App)) />
        </withReducer(withSaga(Connect(Navigation)))>
      </Styled(Root)>,
      "store": Object {
        "dispatch": [Function],
        "getState": [Function],
        "injectedReducers": Object {},
        "injectedSagas": Object {},
        "replaceReducer": [Function],
        "runSaga": [Function],
        "subscribe": [Function],
        Symbol(Symbol.observable): [Function],
      },
    },
    "ref": null,
    "rendered": Object {
      "instance": null,
      "key": undefined,
      "nodeType": "class",
      "props": Object {
        "children": <withReducer(withSaga(Connect(Navigation)))>
          <withReducer(Connect(App)) />
        </withReducer(withSaga(Connect(Navigation)))>,
        "virtual": undefined,
      },
      "ref": null,
      "rendered": Object {
        "instance": null,
        "key": undefined,
        "nodeType": "class",
        "props": Object {
          "children": <withReducer(Connect(App)) />,
        },
        "ref": null,
        "rendered": Object {
          "instance": null,
          "key": undefined,
          "nodeType": "class",
          "props": Object {},
          "ref": null,
          "rendered": null,
          "type": [Function],
        },
        "type": [Function],
      },
      "type": [Function],
    },
    "type": [Function],
  },
  Symbol(enzyme.__nodes__): Array [
    Object {
      "instance": null,
      "key": undefined,
      "nodeType": "class",
      "props": Object {
        "children": <Styled(Root)
          virtual={undefined}
        >
          <withReducer(withSaga(Connect(Navigation)))>
            <withReducer(Connect(App)) />
          </withReducer(withSaga(Connect(Navigation)))>
        </Styled(Root)>,
        "store": Object {
          "dispatch": [Function],
          "getState": [Function],
          "injectedReducers": Object {},
          "injectedSagas": Object {},
          "replaceReducer": [Function],
          "runSaga": [Function],
          "subscribe": [Function],
          Symbol(Symbol.observable): [Function],
        },
      },
      "ref": null,
      "rendered": Object {
        "instance": null,
        "key": undefined,
        "nodeType": "class",
        "props": Object {
          "children": <withReducer(withSaga(Connect(Navigation)))>
            <withReducer(Connect(App)) />
          </withReducer(withSaga(Connect(Navigation)))>,
          "virtual": undefined,
        },
        "ref": null,
        "rendered": Object {
          "instance": null,
          "key": undefined,
          "nodeType": "class",
          "props": Object {
            "children": <withReducer(Connect(App)) />,
          },
          "ref": null,
          "rendered": Object {
            "instance": null,
            "key": undefined,
            "nodeType": "class",
            "props": Object {},
            "ref": null,
            "rendered": null,
            "type": [Function],
          },
          "type": [Function],
        },
        "type": [Function],
      },
      "type": [Function],
    },
  ],
  Symbol(enzyme.__options__): Object {
    "adapter": ReactSixteenAdapter {
      "options": Object {
        "enableComponentDidUpdateOnSetState": true,
      },
    },
  },
}
`;
